// Jest Snapshot v1, https://goo.gl/fbAQLP

exports[`capsule should render the correct capsule 1`] = `
<button
  class="capsule rounded-lg p-1 text-current border-2 border-current border-solid"
  data-testid="test-capsule2"
>
  test
</button>
`;

exports[`capsule should render the correct capsule: capsule-default 1`] = `
<span
  class="capsule rounded-lg p-1 text-current border-2 border-current border-solid"
  data-testid="test-capsule"
>
  test
</span>
`;
